// Jest Snapshot v1, https://goo.gl/fbAQLP

exports[`renders correctly 1`] = `
<mockedDefaultExport
  animateOnMount={true}
  enabledBottomInitialAnimation={true}
  initialSnap={1}
  onCloseEnd={[Function]}
  renderContent={[Function]}
  snapPoints={
    Array [
      undefined,
      0,
    ]
  }
  style={
    Object {
      "backgroundColor": "white",
    }
  }
/>
`;
